{"level":"info","message":"⌛ Building environment","timeElapsed":1342,"timestamp":"2025-11-22T20:58:03.460Z"}
{"level":"info","message":"⌛ Building environment","timeElapsed":1610,"timestamp":"2025-11-22T20:58:05.109Z"}
{"level":"info","message":"⌛ Building environment","timeElapsed":368,"timestamp":"2025-11-22T20:58:05.509Z"}
{"level":"info","message":"⌛ Building environment","timeElapsed":232,"timestamp":"2025-11-22T20:58:05.764Z"}
{"level":"info","message":"⌛ Building environment","timeElapsed":271,"timestamp":"2025-11-22T20:58:06.112Z"}
{"level":"info","message":"⌛ Building environment","timeElapsed":315,"timestamp":"2025-11-22T20:58:06.430Z"}
{"level":"info","message":"⌛ Building environment","timeElapsed":313,"timestamp":"2025-11-22T20:58:06.748Z"}
{"level":"info","message":"⌛ Building environment","timeElapsed":570,"timestamp":"2025-11-22T20:58:07.330Z"}
{"level":"info","message":"⌛ Building environment","timeElapsed":299,"timestamp":"2025-11-22T20:58:07.648Z"}
{"level":"info","message":"⌛ Building environment","timeElapsed":519,"timestamp":"2025-11-22T20:58:08.178Z"}
{"level":"info","message":"⌛ Building environment","timeElapsed":747,"timestamp":"2025-11-22T20:58:08.977Z"}
{"level":"info","message":"⌛ Building environment","timeElapsed":336,"timestamp":"2025-11-22T20:58:09.315Z"}
{"level":"info","message":"⌛ Building environment","timeElapsed":290,"timestamp":"2025-11-22T20:58:09.674Z"}
{"level":"info","message":"⌛ Validating obstacles.wlk","timeElapsed":474,"timestamp":"2025-11-22T20:58:10.240Z"}
{"level":"info","message":"⌛ Building environment","timeElapsed":1469,"timestamp":"2025-11-22T20:58:11.713Z"}
{"level":"info","message":"⌛ Validating utilities.wlk","timeElapsed":660,"timestamp":"2025-11-22T20:58:12.454Z"}
{"level":"info","message":"⌛ Validating program.wpgm","timeElapsed":724,"timestamp":"2025-11-22T20:58:13.238Z"}
{"level":"info","message":"⌛ Validating player.wlk","timeElapsed":406,"timestamp":"2025-11-22T20:58:13.644Z"}
{"level":"info","message":"⌛ Validating map.wlk","timeElapsed":484,"timestamp":"2025-11-22T20:58:14.131Z"}
{"level":"info","message":"⌛ Validating keys.wlk","timeElapsed":408,"timestamp":"2025-11-22T20:58:14.540Z"}
{"level":"info","message":"⌛ Validating items.wlk","timeElapsed":413,"timestamp":"2025-11-22T20:58:14.979Z"}
{"level":"info","message":"⌛ Validating inventory.wlk","timeElapsed":480,"timestamp":"2025-11-22T20:58:15.460Z"}
{"level":"info","message":"⌛ Validating hud.wlk","timeElapsed":453,"timestamp":"2025-11-22T20:58:15.914Z"}
{"level":"info","message":"⌛ Validating entitys.wlk","timeElapsed":762,"timestamp":"2025-11-22T20:58:16.679Z"}
{"level":"info","message":"⌛ Validating enemy.wlk","timeElapsed":525,"timestamp":"2025-11-22T20:58:17.221Z"}
{"level":"info","message":"⌛ Validating core.wlk","timeElapsed":812,"timestamp":"2025-11-22T20:58:18.034Z"}
{"level":"info","message":"⌛ Validating obstacles.wlk","timeElapsed":450,"timestamp":"2025-11-22T20:58:18.631Z"}
{"level":"info","message":"⌛ Validating utilities.wlk","timeElapsed":359,"timestamp":"2025-11-22T20:58:18.991Z"}
{"level":"info","message":"⌛ Validating program.wpgm","timeElapsed":386,"timestamp":"2025-11-22T20:58:19.378Z"}
{"level":"info","message":"⌛ Validating player.wlk","timeElapsed":383,"timestamp":"2025-11-22T20:58:19.762Z"}
{"level":"info","message":"⌛ Validating map.wlk","timeElapsed":620,"timestamp":"2025-11-22T20:58:20.398Z"}
{"level":"info","message":"⌛ Validating keys.wlk","timeElapsed":2034,"timestamp":"2025-11-22T20:58:22.456Z"}
{"level":"info","message":"⌛ Validating items.wlk","timeElapsed":827,"timestamp":"2025-11-22T20:58:23.351Z"}
{"level":"info","message":"⌛ Validating inventory.wlk","timeElapsed":508,"timestamp":"2025-11-22T20:58:23.860Z"}
{"level":"info","message":"⌛ Validating hud.wlk","timeElapsed":342,"timestamp":"2025-11-22T20:58:24.203Z"}
{"level":"info","message":"⌛ Validating entitys.wlk","timeElapsed":423,"timestamp":"2025-11-22T20:58:24.632Z"}
{"level":"info","message":"⌛ Validating enemy.wlk","timeElapsed":342,"timestamp":"2025-11-22T20:58:24.974Z"}
{"level":"info","message":"⌛ Validating core.wlk","timeElapsed":363,"timestamp":"2025-11-22T20:58:25.343Z"}
{"level":"info","message":"⌛ Building environment","timeElapsed":1452,"timestamp":"2025-11-22T21:01:18.651Z"}
{"level":"info","message":"⌛ Validating core.wlk","timeElapsed":626,"timestamp":"2025-11-22T21:01:19.630Z"}
